// Jest Snapshot v1, https://goo.gl/fbAQLP

exports[`BaseContainer Should correctly save snapshot of the BaseContainer 1`] = `ShallowWrapper {}`;
