// Jest Snapshot v1, https://goo.gl/fbAQLP

exports[`CreateMeetup Should correctly save snapshot of the CreateMeetup 1`] = `ShallowWrapper {}`;
