// Jest Snapshot v1, https://goo.gl/fbAQLP

exports[`MeetupPage Should correctly save snapshot of the MeetupPage 1`] = `ShallowWrapper {}`;
