// Jest Snapshot v1, https://goo.gl/fbAQLP

exports[`Meetups Should correctly save snapshot of the Meetups page 1`] = `ShallowWrapper {}`;
