// Jest Snapshot v1, https://goo.gl/fbAQLP

exports[`Profile Should correctly save snapshot of the Profile page 1`] = `ShallowWrapper {}`;
