// Jest Snapshot v1, https://goo.gl/fbAQLP

exports[`SignUp Should correctly save snapshot of the SignUp page 1`] = `ShallowWrapper {}`;
