// Jest Snapshot v1, https://goo.gl/fbAQLP

exports[`SignIn Should correctly save snapshot of the SignIn page 1`] = `ShallowWrapper {}`;
