// Jest Snapshot v1, https://goo.gl/fbAQLP

exports[`First test Should correctly save snapshot of button 1`] = `ShallowWrapper {}`;
