// Jest Snapshot v1, https://goo.gl/fbAQLP

exports[`Feed List Should correctly save snapshot of the FeedList component 1`] = `ReactWrapper {}`;
