// Jest Snapshot v1, https://goo.gl/fbAQLP

exports[`FormErrorText Should correctly save snapshot of the FormErrorText 1`] = `ShallowWrapper {}`;
