// Jest Snapshot v1, https://goo.gl/fbAQLP

exports[`Header Should correctly save snapshot of the Header 1`] = `ShallowWrapper {}`;
