// Jest Snapshot v1, https://goo.gl/fbAQLP

exports[`ListItem Should correctly save snapshot of the ListItem 1`] = `ShallowWrapper {}`;
