// Jest Snapshot v1, https://goo.gl/fbAQLP

exports[`MeetupCard Should correctly save snapshot of the MeetupCard 1`] = `ShallowWrapper {}`;
