// Jest Snapshot v1, https://goo.gl/fbAQLP

exports[`MeetupDetailCard Should correctly save snapshot of the MeetupDetailCard 1`] = `ShallowWrapper {}`;
