// Jest Snapshot v1, https://goo.gl/fbAQLP

exports[`MeetupForm Should correctly save snapshot of the MeetupForm 1`] = `ShallowWrapper {}`;
