// Jest Snapshot v1, https://goo.gl/fbAQLP

exports[`NavBar Should correctly save snapshot of the NavBar 1`] = `ShallowWrapper {}`;
