// Jest Snapshot v1, https://goo.gl/fbAQLP

exports[`QuestionCard Should correctly save snapshot of the QuestionCard 1`] = `ShallowWrapper {}`;
