// Jest Snapshot v1, https://goo.gl/fbAQLP

exports[`SignUpForm Should correctly save snapshot of the SignUpForm 1`] = `ShallowWrapper {}`;
