// Jest Snapshot v1, https://goo.gl/fbAQLP

exports[`SignInForm Should correctly save snapshot of the SignInForm 1`] = `ShallowWrapper {}`;
