// Jest Snapshot v1, https://goo.gl/fbAQLP

exports[`Spinner Should correctly save snapshot of the Spinner 1`] = `ShallowWrapper {}`;
