// Jest Snapshot v1, https://goo.gl/fbAQLP

exports[`UserStatFeed Should correctly save snapshot of the UserStatFeed 1`] = `ShallowWrapper {}`;
