// Jest Snapshot v1, https://goo.gl/fbAQLP

exports[`UserStatHeader Should correctly save snapshot of the UserStatHeader 1`] = `ShallowWrapper {}`;
